---
source: crates/ruff_linter/src/rules/pylint/mod.rs
---
import_outside_toplevel.py:2:5: PLC0415 Import outside toplevel
  |
1 | def print_python_version():
2 |     import sys
  |     ^^^^^^^^^^ PLC0415
3 | 
4 |     print(sys.version_info)
  |


